
> hms@0.0.0 build
> vite build

[36mrolldown-vite v7.2.5 [32mbuilding client environment for production...[36m[39m
[2K
transforming...Γ£ô 15 modules transformed.
node.exe : [31mΓ£ù[39m Build failed in 107ms
At line:1 char:1
+ & "C:\Program Files\nodejs/node.exe" "C:\Users\thena\AppData\Roaming\ ...
+ ~~~~~~~~~~~~~~~~~~~~~~~~~~~~~~~~~~~~~~~~~~~~~~~~~~~~~~~~~~~~~~~~~~~~~
    + CategoryInfo          : NotSpecified: ([31mΓ£ù[39m Build failed in 107ms:String) [], RemoteException
    + FullyQualifiedErrorId : NativeCommandError
 
[31merror during build:
[31mBuild failed with 1 error:

[31m[UNRESOLVED_IMPORT] Error:[0m Could not resolve './components/SelectAppointmentSlot' in src/App.jsx
    [38;5;246mΓò¡[0m[38;5;246mΓöÇ[0m[38;5;246m[[0m src/App.jsx:13:35 [38;5;246m][0m
    [38;5;246mΓöé[0m
 [38;5;246m13 Γöé[0m 
[38;5;249mi[0m[38;5;249mm[0m[38;5;249mp[0m[38;5;249mo[0m[38;5;249mr[0m[38;5;249mt[0m[38;5;249m [0m[38;5;
249mS[0m[38;5;249me[0m[38;5;249ml[0m[38;5;249me[0m[38;5;249mc[0m[38;5;249mt[0m[38;5;249mA[0m[38;5;249mp[
0m[38;5;249mp[0m[38;5;249mo[0m[38;5;249mi[0m[38;5;249mn[0m[38;5;249mt[0m[38;5;249mm[0m[38;5;249me[0m[38;
5;249mn[0m[38;5;249mt[0m[38;5;249mS[0m[38;5;249ml[0m[38;5;249mo[0m[38;5;249mt[0m[38;5;249m 
[0m[38;5;249mf[0m[38;5;249mr[0m[38;5;249mo[0m[38;5;249mm[0m[38;5;249m 
[0m"./components/SelectAppointmentSlot"[38;5;249m;[0m
 [38;5;240m   Γöé[0m                                   
ΓöÇΓöÇΓöÇΓöÇΓöÇΓöÇΓöÇΓöÇΓöÇΓöÇΓöÇΓöÇΓöÇΓöÇΓöÇΓöÇΓöÇΓöÇΓö¼ΓöÇΓöÇΓöÇΓöÇΓöÇΓöÇΓöÇΓöÇΓöÇΓöÇΓöÇΓöÇΓöÇΓöÇΓöÇΓöÇΓöÇ  
 [38;5;240m   Γöé[0m                                                     
Γò░ΓöÇΓöÇΓöÇΓöÇΓöÇΓöÇΓöÇΓöÇΓöÇΓöÇΓöÇΓöÇΓöÇΓöÇΓöÇΓöÇΓöÇΓöÇΓöÇ Module not found.
[38;5;246mΓöÇΓöÇΓöÇΓöÇΓò»[0m
[31m
    at aggregateBindingErrorsIntoJsError 
(file:///E:/web%20developmetn/DBMS%20PROJECT/frontend/node_modules/rolldown/dist/shared/src-CYkh2Ybc.mjs:2659:18)
    at unwrapBindingResult 
(file:///E:/web%20developmetn/DBMS%20PROJECT/frontend/node_modules/rolldown/dist/shared/src-CYkh2Ybc.mjs:2634:128)
    at #build 
(file:///E:/web%20developmetn/DBMS%20PROJECT/frontend/node_modules/rolldown/dist/shared/src-CYkh2Ybc.mjs:4433:34)
    at async buildEnvironment 
(file:///E:/web%20developmetn/DBMS%20PROJECT/frontend/node_modules/vite/dist/node/chunks/node.js:33468:64)
    at async Object.build 
(file:///E:/web%20developmetn/DBMS%20PROJECT/frontend/node_modules/vite/dist/node/chunks/node.js:33871:19)
    at async Object.buildApp 
(file:///E:/web%20developmetn/DBMS%20PROJECT/frontend/node_modules/vite/dist/node/chunks/node.js:33868:153)
    at async CAC.<anonymous> 
(file:///E:/web%20developmetn/DBMS%20PROJECT/frontend/node_modules/vite/dist/node/cli.js:629:3)[39m
